// Jest Snapshot v1, https://goo.gl/fbAQLP

exports[`maps font face options correctly 1`] = `
Array [
  Object {
    "@font-face": Object {
      "fontDisplay": "swap",
      "fontFamily": "Some Font",
      "fontWeight": "bold",
      "src": "url('/some/path/SomeFont-Bold.eot') format('embedded-opentype'), url('/some/path/SomeFont-Bold.ttf') format('truetype')",
    },
  },
  Object {
    "@font-face": Object {
      "fontFamily": "Another Font",
      "fontStyle": "italic",
      "fontWeight": 700,
      "src": "url('/another/path/SomeFont-Bold.svg') format('svg'), url('/another/path/SomeFont-Bold.woff') format('woff'), url('/another/path/SomeFont-Bold.woff2') format('woff2')",
    },
  },
]
`;

exports[`returns an array of font face styles 1`] = `
Array [
  Object {
    "@font-face": Object {
      "fontFamily": "Some Font",
      "src": "url('/some/path/SomeFont-Bold.eot') format('embedded-opentype'), url('/some/path/SomeFont-Bold.ttf') format('truetype')",
    },
  },
]
`;
